main.c:119:5:main	80	static
main.c:196:6:SystemClock_Config	120	static
main.c:257:6:PeriphCommonClock_Config	192	static
main.c:284:13:MX_ADC1_Init	56	static
main.c:349:13:MX_ADC3_Init	48	static
main.c:410:13:MX_SPI3_Init	8	static
main.c:458:13:MX_SPI4_Init	8	static
main.c:506:13:MX_TIM1_Init	56	static
main.c:557:13:MX_TIM2_Init	56	static
main.c:606:13:MX_TIM3_Init	56	static
main.c:655:13:MX_TIM4_Init	56	static
main.c:704:13:MX_TIM12_Init	56	static
main.c:756:13:MX_TIM13_Init	40	static
main.c:802:13:MX_TIM14_Init	40	static
main.c:848:13:MX_TIM15_Init	104	static
main.c:914:13:MX_TIM16_Init	88	static
main.c:977:13:MX_TIM17_Init	88	static
main.c:1040:13:MX_TIM23_Init	40	static
main.c:1085:13:MX_TIM24_Init	40	static
main.c:1130:13:MX_UART4_Init	8	static
main.c:1178:13:MX_UART5_Init	8	static
main.c:1226:13:MX_USART2_UART_Init	8	static
main.c:1274:13:MX_USART3_UART_Init	8	static
main.c:1320:13:MX_DMA_Init	16	static
main.c:1338:13:MX_GPIO_Init	56	static
main.c:1425:6:HAL_TIM_PeriodElapsedCallback	16	static
main.c:1434:1:__io_putchar	16	static
main.c:1447:6:Error_Handler	4	static,ignoring_inline_asm
